train_.csv
date,city,lat,long,pop,shop,brand,container,capacity,price,quantity
31/01/12,Patra,38.244440000000004,21.73444,164250.0,shop_6,,can,330ml,0.33,66314.0
31/08/12,Patra,38.244440000000004,21.73444,164250.0,shop_6,,can,330ml,0.44,72708.0
31/10/13,Patra,38.244440000000004,21.73444,166301.0,shop_6,,can,330ml,0.72,29967.0
31/10/13,Patra,38.244440000000004,21.73444,166301.0,shop_6,,can,330ml,0.8,24500.0
30/11/13,Patra,38.244440000000004,21.73444,166301.0,shop_6,,can,330ml,0.53,29952.0
31/05/14,Patra,38.244440000000004,21.73444,167242.0,shop_6,,can,330ml,,91396.0
30/06/14,Patra,38.244440000000004,21.73444,167242.0,shop_6,,can,330ml,0.69,52051.0
30/11/14,Patra,38.244440000000004,21.73444,167242.0,shop_6,,can,330ml,0.53,30638.0
30/04/15,Patra,38.244440000000004,21.73444,167001.0,shop_6,,can,330ml,0.3,82016.0
30/04/15,Patra,38.244440000000004,21.73444,167001.0,shop_6,,can,330ml,0.5,44225.0
31/10/15,Patra,38.244440000000004,21.73444,167001.0,shop_6,,can,330ml,0.35,63309.0
30/06/12,Athens,37.97945,23.71622,672130.0,shop_1,,can,330ml,0.3,69978.0
30/06/12,Athens,37.97945,23.71622,672130.0,shop_1,,can,330ml,0.5,32489.0
30/09/12,Athens,37.97945,23.71622,672130.0,shop_1,,can,330ml,0.58,21111.0
30/11/12,Athens,37.97945,23.71622,672130.0,shop_1,,can,330ml,0.58,16186.0
28/02/13,Athens,37.97945,23.71622,671022.0,shop_1,,can,330ml,0.45,22493.0
30/04/13,Athens,37.97945,23.71622,671022.0,shop_1,,can,330ml,0.22,75393.0
31/05/13,Athens,37.97945,23.71622,671022.0,shop_1,,can,330ml,0.31,63705.0
31/10/13,Athens,37.97945,23.71622,671022.0,shop_1,,can,330ml,0.59,28120.0
31/01/14,Athens,37.97945,23.71622,668203.0,shop_1,,can,330ml,0.21,45892.0
31/08/14,Athens,37.97945,23.71622,668203.0,shop_1,,can,330ml,0.47,46029.0
31/03/15,Athens,37.97945,23.71622,667237.0,shop_1,,can,330ml,0.48,25774.0
30/06/12,Athens,37.96245,23.687079999999998,672130.0,shop_3,,can,330ml,0.71,25694.0
30/09/12,Athens,37.96245,23.687079999999998,672130.0,shop_3,,can,330ml,0.58,16294.0
31/10/12,Athens,37.96245,23.687079999999998,672130.0,shop_3,,can,330ml,0.7,17584.0
31/10/12,Athens,37.96245,23.687079999999998,672130.0,shop_3,,can,330ml,0.54,16436.0
28/02/13,Athens,37.96245,23.687079999999998,671022.0,shop_3,,can,330ml,0.49,16297.0
31/05/13,Athens,37.96245,23.687079999999998,671022.0,shop_3,,can,330ml,0.59,20970.0
31/07/13,Athens,37.96245,23.687079999999998,671022.0,shop_3,,can,330ml,0.7,32210.0
31/08/13,Athens,37.96245,23.687079999999998,671022.0,shop_3,,can,330ml,0.31,52263.0
30/06/12,Larisa,39.63689,22.41761,137540.0,shop_5,,glass,500ml,0.73,43899.0
31/07/12,Larisa,39.63689,22.41761,137540.0,shop_5,,glass,500ml,0.41,71746.0
30/04/13,Larisa,39.63689,22.41761,139242.0,shop_5,,glass,500ml,1.03,15859.0
30/04/13,Larisa,39.63689,22.41761,139242.0,shop_5,,glass,500ml,0.59,31424.0
31/05/14,Larisa,39.63689,22.41761,140563.0,shop_5,,glass,500ml,0.6,47304.0
30/04/15,Larisa,39.63689,22.41761,141732.0,shop_5,,glass,500ml,1.24,13320.0
30/06/15,Larisa,39.63689,22.41761,141732.0,shop_5,,glass,500ml,0.68,24940.0
30/09/15,Larisa,39.63689,22.41761,141732.0,shop_5,,glass,500ml,1.56,8756.0
30/11/15,Larisa,39.63689,22.41761,141732.0,shop_5,,glass,500ml,1.17,19475.0
31/07/12,Larisa,39.63689,22.41761,137540.0,shop_5,,can,330ml,0.39,28771.0
31/12/12,Larisa,39.63689,22.41761,137540.0,shop_5,,can,330ml,0.64,25128.0
31/05/13,Larisa,39.63689,22.41761,139242.0,shop_5,,can,330ml,0.45,41536.0
31/12/13,Larisa,39.63689,22.41761,139242.0,shop_5,,can,330ml,0.41,50432.0
31/07/14,Larisa,39.63689,22.41761,140563.0,shop_5,,can,330ml,0.48,42622.0
31/08/14,Larisa,39.63689,22.41761,140563.0,shop_5,,can,330ml,0.66,32863.0
31/12/14,Larisa,39.63689,22.41761,140563.0,shop_5,,can,330ml,0.68,20086.0
31/03/15,Larisa,39.63689,22.41761,141732.0,shop_5,,can,330ml,0.36,33590.0
30/06/15,Larisa,39.63689,22.41761,141732.0,shop_5,,can,330ml,0.81,18204.0
31/10/15,Larisa,39.63689,22.41761,141732.0,shop_5,,can,330ml,0.31,37009.0
31/10/12,Thessaloniki,40.643609999999995,22.93086,346502.0,shop_4,,can,330ml,0.45,40801.0
31/12/12,Thessaloniki,40.643609999999995,22.93086,346502.0,shop_4,,can,330ml,0.44,53822.0
31/01/13,Thessaloniki,40.643609999999995,22.93086,347001.0,shop_4,,can,330ml,0.27,53951.0
30/06/13,Thessaloniki,40.643609999999995,22.93086,347001.0,shop_4,,can,330ml,0.81,34628.0
31/07/14,Thessaloniki,40.643609999999995,22.93086,349232.0,shop_4,,can,330ml,0.71,30879.0
31/08/14,Thessaloniki,40.643609999999995,22.93086,349232.0,shop_4,,can,330ml,0.85,21736.0
30/11/14,Thessaloniki,40.643609999999995,22.93086,349232.0,shop_4,,can,330ml,0.37,49833.0
30/06/15,Thessaloniki,40.643609999999995,22.93086,351650.0,shop_4,,can,330ml,0.28,98560.0
